../Core/Src/main.c:89:5:main	8	static
../Core/Src/main.c:142:6:SystemClock_Config	88	static
../Core/Src/main.c:189:13:MX_TIM2_Init	48	static
../Core/Src/main.c:238:13:MX_TIM4_Init	32	static
../Core/Src/main.c:283:13:MX_USART1_UART_Init	8	static
../Core/Src/main.c:316:13:MX_USART2_UART_Init	8	static
../Core/Src/main.c:349:13:MX_GPIO_Init	48	static
../Core/Src/main.c:383:6:HAL_TIM_PeriodElapsedCallback	16	static
../Core/Src/main.c:431:6:HAL_UART_RxCpltCallback	16	static
../Core/Src/main.c:451:6:send_IR_string	16	static
../Core/Src/main.c:466:6:Error_Handler	4	static,ignoring_inline_asm
