../Core/Src/main.c:89:5:main	8	static
../Core/Src/main.c:147:6:SystemClock_Config	88	static
../Core/Src/main.c:194:13:MX_TIM2_Init	48	static
../Core/Src/main.c:243:13:MX_TIM4_Init	32	static
../Core/Src/main.c:288:13:MX_USART1_UART_Init	8	static
../Core/Src/main.c:321:13:MX_USART2_UART_Init	8	static
../Core/Src/main.c:354:13:MX_GPIO_Init	48	static
../Core/Src/main.c:388:6:HAL_TIM_PeriodElapsedCallback	16	static
../Core/Src/main.c:437:6:HAL_UART_RxCpltCallback	16	static
../Core/Src/main.c:457:6:send_IR_string	16	static
../Core/Src/main.c:473:6:Error_Handler	4	static,ignoring_inline_asm
