../Core/Src/PMDB16_LCD.c:41:10:DWT_Delay_Init	4	static,ignoring_inline_asm
../Core/Src/PMDB16_LCD.c:72:6:DWT_Delay_us	24	static
../Core/Src/PMDB16_LCD.c:84:6:lcd_enable	8	static
../Core/Src/PMDB16_LCD.c:97:6:lcd_write4	16	static
../Core/Src/PMDB16_LCD.c:106:6:lcd_write	16	static
../Core/Src/PMDB16_LCD.c:120:6:lcd_command	16	static
../Core/Src/PMDB16_LCD.c:125:6:lcd_clear	8	static
../Core/Src/PMDB16_LCD.c:131:6:lcd_data	16	static
../Core/Src/PMDB16_LCD.c:137:6:setCursor	16	static
../Core/Src/PMDB16_LCD.c:144:6:lcd_print	24	static
../Core/Src/PMDB16_LCD.c:153:6:lcd_println	48	static
../Core/Src/PMDB16_LCD.c:169:6:writeCustomChar	24	static
../Core/Src/PMDB16_LCD.c:177:6:loadCustomChars	8	static
../Core/Src/PMDB16_LCD.c:185:6:lcd_drawBar	32	static
../Core/Src/PMDB16_LCD.c:213:6:lcd_initialize	8	static
../Core/Src/PMDB16_LCD.c:244:6:lcd_backlight_ON	8	static
../Core/Src/PMDB16_LCD.c:248:6:lcd_backlight_OFF	8	static
