../Core/Src/main.c:90:9:readRegister	32	static
../Core/Src/main.c:103:6:writeRegister	32	static
../Core/Src/main.c:117:5:main	112	static
../Core/Src/main.c:214:6:SystemClock_Config	88	static
../Core/Src/main.c:261:13:MX_I2C1_Init	8	static
../Core/Src/main.c:295:13:MX_TIM2_Init	48	static
../Core/Src/main.c:343:13:MX_USART2_UART_Init	8	static
../Core/Src/main.c:374:13:MX_DMA_Init	16	static
../Core/Src/main.c:392:13:MX_GPIO_Init	48	static
../Core/Src/main.c:426:6:HAL_TIM_PeriodElapsedCallback	168	static
../Core/Src/main.c:457:6:Error_Handler	4	static,ignoring_inline_asm
