../Core/Src/main.c:91:9:readRegister	32	static
../Core/Src/main.c:104:6:writeRegister	32	static
../Core/Src/main.c:118:5:main	112	static
../Core/Src/main.c:215:6:SystemClock_Config	88	static
../Core/Src/main.c:262:13:MX_I2C1_Init	8	static
../Core/Src/main.c:296:13:MX_TIM2_Init	48	static
../Core/Src/main.c:344:13:MX_USART2_UART_Init	8	static
../Core/Src/main.c:375:13:MX_DMA_Init	16	static
../Core/Src/main.c:396:13:MX_GPIO_Init	48	static
../Core/Src/main.c:431:6:HAL_TIM_PeriodElapsedCallback	24	static
../Core/Src/main.c:439:6:HAL_I2C_MasterRxCpltCallback	152	static
../Core/Src/main.c:455:6:Error_Handler	4	static,ignoring_inline_asm
