../Core/Src/main.c:121:6:HAL_GPIO_EXTI_Callback	16	static
../Core/Src/main.c:134:6:HAL_TIM_PeriodElapsedCallback	16	static
../Core/Src/main.c:140:6:play_song	8	static
../Core/Src/main.c:152:6:play_next_note	8	static
../Core/Src/main.c:167:6:play_note	104	static
../Core/Src/main.c:226:6:setup_tim2_next_interrupt	40	static
../Core/Src/main.c:267:5:main	8	static
../Core/Src/main.c:316:6:SystemClock_Config	88	static
../Core/Src/main.c:361:13:MX_NVIC_Init	8	static
../Core/Src/main.c:373:13:MX_TIM1_Init	96	static
../Core/Src/main.c:447:13:MX_TIM2_Init	32	static
../Core/Src/main.c:491:13:MX_USART2_UART_Init	8	static
../Core/Src/main.c:523:13:MX_GPIO_Init	48	static
../Core/Src/main.c:573:6:Error_Handler	4	static,ignoring_inline_asm
