../Core/Src/PMDB16_LCD.c:40:10:DWT_Delay_Init	4	static,ignoring_inline_asm
../Core/Src/PMDB16_LCD.c:67:6:DWT_Delay_us	24	static
../Core/Src/PMDB16_LCD.c:77:6:lcd_enable	8	static
../Core/Src/PMDB16_LCD.c:90:6:lcd_write4	16	static
../Core/Src/PMDB16_LCD.c:99:6:lcd_write	16	static
../Core/Src/PMDB16_LCD.c:113:6:lcd_command	16	static
../Core/Src/PMDB16_LCD.c:118:6:lcd_clear	8	static
../Core/Src/PMDB16_LCD.c:124:6:lcd_data	16	static
../Core/Src/PMDB16_LCD.c:130:6:setCursor	16	static
../Core/Src/PMDB16_LCD.c:137:6:lcd_print	24	static
../Core/Src/PMDB16_LCD.c:146:6:lcd_println	48	static
../Core/Src/PMDB16_LCD.c:162:6:writeCustomChar	24	static
../Core/Src/PMDB16_LCD.c:170:6:loadCustomChars	8	static
../Core/Src/PMDB16_LCD.c:178:6:lcd_drawBar	32	static
../Core/Src/PMDB16_LCD.c:207:6:lcd_initialize	8	static
../Core/Src/PMDB16_LCD.c:238:6:lcd_backlight_ON	8	static
../Core/Src/PMDB16_LCD.c:242:6:lcd_backlight_OFF	8	static
